../Application/log.c:16:17:get_data_count	4	static
../Application/log.c:28:17:write_to_buffer	32	static,ignoring_inline_asm
../Application/log.c:55:17:read_from_buffer	24	static,ignoring_inline_asm
../Application/log.c:75:6:log_init	8	static
../Application/log.c:87:6:log_printf	272	static
../Application/log.c:104:13:start_dma_transmission	24	static
../Application/log.c:136:6:log_process	8	static
../Application/log.c:147:6:log_tx_complete	8	static
../Application/log.c:159:6:log_status	8	static
../Application/log.c:170:6:log_flush	16	static
