../Application/w25q128.c:14:13:CS_Low	8	static
../Application/w25q128.c:18:13:CS_High	8	static
../Application/w25q128.c:23:13:IsReady	16	static
../Application/w25q128.c:36:13:WriteEnable	16	static
../Application/w25q128.c:45:13:WaitReady	8	static
../Application/w25q128.c:54:6:W25Q128_Init	8	static
../Application/w25q128.c:66:6:W25Q128_ReadData	32	static
../Application/w25q128.c:84:6:W25Q128_WriteData	32	static
../Application/w25q128.c:109:6:W25Q128_EraseSector	24	static
../Application/w25q128.c:130:6:Test_W25Q128	48	static
